[36mvite v5.4.21 [32mbuilding for production...[36m[39m
transforming...
[32mΓ£ô[39m 3517 modules transformed.
rendering chunks...
computing gzip size...
[2mdist/[22m[32mindex.html                                     [39m[1m[2m     0.92 kB[22m[1m[22m[2m Γöé gzip:     0.51 kB[22m
[2mdist/[22m[32massets/inter-v12-latin-100-BQDzDElq.woff2      [39m[1m[2m    16.55 kB[22m[1m[22m
[2mdist/[22m[32massets/inter-v12-latin-regular-YtgfLPRn.woff2  [39m[1m[2m    16.71 kB[22m[1m[22m
[2mdist/[22m[32massets/inter-v12-latin-900-CMga-52B.woff2      [39m[1m[2m    17.18 kB[22m[1m[22m
[2mdist/[22m[32massets/inter-v12-latin-300-DEbyFmpd.woff2      [39m[1m[2m    17.33 kB[22m[1m[22m
[2mdist/[22m[32massets/inter-v12-latin-200-BxfrU12A.woff2      [39m[1m[2m    17.34 kB[22m[1m[22m
[2mdist/[22m[32massets/inter-v12-latin-500-DfX5FI9E.woff2      [39m[1m[2m    17.55 kB[22m[1m[22m
[2mdist/[22m[32massets/inter-v12-latin-600-BvOeHRLc.woff2      [39m[1m[2m    17.66 kB[22m[1m[22m
[2mdist/[22m[32massets/inter-v12-latin-800-Bdy4lAMa.woff2      [39m[1m[2m    17.76 kB[22m[1m[22m
[2mdist/[22m[32massets/inter-v12-latin-700-Bj1B9WKG.woff2      [39m[1m[2m    17.78 kB[22m[1m[22m
[2mdist/[22m[32massets/inter-v12-latin-100-46Mq0mOp.woff       [39m[1m[2m    21.24 kB[22m[1m[22m
[2mdist/[22m[32massets/inter-v12-latin-regular-CahmJf_6.woff   [39m[1m[2m    21.42 kB[22m[1m[22m
[2mdist/[22m[32massets/inter-v12-latin-900-ORHAl5ZU.woff       [39m[1m[2m    21.98 kB[22m[1m[22m
[2mdist/[22m[32massets/inter-v12-latin-300-f7r92Nkj.woff       [39m[1m[2m    22.16 kB[22m[1m[22m
[2mdist/[22m[32massets/inter-v12-latin-200-DXfqWPZg.woff       [39m[1m[2m    22.24 kB[22m[1m[22m
[2mdist/[22m[32massets/inter-v12-latin-500-BQ2gQN_M.woff       [39m[1m[2m    22.52 kB[22m[1m[22m
[2mdist/[22m[32massets/inter-v12-latin-600-D01NXWOK.woff       [39m[1m[2m    22.64 kB[22m[1m[22m
[2mdist/[22m[32massets/inter-v12-latin-700-B5TOIllR.woff       [39m[1m[2m    22.68 kB[22m[1m[22m
[2mdist/[22m[32massets/inter-v12-latin-800-DFVvDWwT.woff       [39m[1m[2m    22.71 kB[22m[1m[22m
[2mdist/[22m[35massets/index-UfbRs7sP.css                      [39m[1m[2m   724.90 kB[22m[1m[22m[2m Γöé gzip:   113.38 kB[22m
[2mdist/[22m[36massets/module-BvCTiNll.js                      [39m[1m[2m    77.28 kB[22m[1m[22m[2m Γöé gzip:    27.82 kB[22m[2m Γöé map:    240.29 kB[22m
[2mdist/[22m[36massets/native-B5Vb9Oiz.js                      [39m[1m[2m   380.39 kB[22m[1m[22m[2m Γöé gzip:    82.10 kB[22m[2m Γöé map:      0.10 kB[22m
[2mdist/[22m[36massets/Hero3DScene-CY7RHEmt.js                 [39m[1m[33m   947.79 kB[39m[22m[2m Γöé gzip:   266.78 kB[22m[2m Γöé map:  3,192.70 kB[22m
[2mdist/[22m[36massets/index-YelSMrjv.js                       [39m[1m[33m13,644.47 kB[39m[22m[2m Γöé gzip: 1,709.74 kB[22m[2m Γöé map: 24,902.64 kB[22m
[32mΓ£ô built in 29.90s[39m

(!) Some chunks are larger than 500 kB after minification. Consider:
- Using dynamic import() to code-split the application
- Use build.rollupOptions.output.manualChunks to improve chunking: https://rollupjs.org/configuration-options/#output-manualchunks
- Adjust chunk size limit for this warning via build.chunkSizeWarningLimit.
